<?xml version="1.0"?>
<link_info>
   <banner>TMS320C2000 Linker PC v6.4.6</banner>
   <copyright>Copyright (c) 1996-2015 Texas Instruments Incorporated</copyright>
   <link_time>0x570b3405</link_time>
   <link_errors>0x0</link_errors>
   <output_file>Example_2833xSci_FFDLB_int.out</output_file>
   <entry_point>
      <name>code_start</name>
      <address>0x33fff6</address>
   </entry_point>
   <input_file_list>
      <input_file id="fl-4">
         <path>.\</path>
         <kind>object</kind>
         <file>DSP2833x_ADC_cal.obj</file>
         <name>DSP2833x_ADC_cal.obj</name>
      </input_file>
      <input_file id="fl-5">
         <path>.\</path>
         <kind>object</kind>
         <file>DSP2833x_CodeStartBranch.obj</file>
         <name>DSP2833x_CodeStartBranch.obj</name>
      </input_file>
      <input_file id="fl-6">
         <path>.\</path>
         <kind>object</kind>
         <file>DSP2833x_CpuTimer.obj</file>
         <name>DSP2833x_CpuTimer.obj</name>
      </input_file>
      <input_file id="fl-7">
         <path>.\</path>
         <kind>object</kind>
         <file>DSP2833x_DefaultIsr.obj</file>
         <name>DSP2833x_DefaultIsr.obj</name>
      </input_file>
      <input_file id="fl-8">
         <path>.\</path>
         <kind>object</kind>
         <file>DSP2833x_GlobalVariableDefs.obj</file>
         <name>DSP2833x_GlobalVariableDefs.obj</name>
      </input_file>
      <input_file id="fl-9">
         <path>.\</path>
         <kind>object</kind>
         <file>DSP2833x_PieCtrl.obj</file>
         <name>DSP2833x_PieCtrl.obj</name>
      </input_file>
      <input_file id="fl-a">
         <path>.\</path>
         <kind>object</kind>
         <file>DSP2833x_PieVect.obj</file>
         <name>DSP2833x_PieVect.obj</name>
      </input_file>
      <input_file id="fl-b">
         <path>.\</path>
         <kind>object</kind>
         <file>DSP2833x_Sci.obj</file>
         <name>DSP2833x_Sci.obj</name>
      </input_file>
      <input_file id="fl-c">
         <path>.\</path>
         <kind>object</kind>
         <file>DSP2833x_Spi.obj</file>
         <name>DSP2833x_Spi.obj</name>
      </input_file>
      <input_file id="fl-d">
         <path>.\</path>
         <kind>object</kind>
         <file>DSP2833x_SysCtrl.obj</file>
         <name>DSP2833x_SysCtrl.obj</name>
      </input_file>
      <input_file id="fl-e">
         <path>.\</path>
         <kind>object</kind>
         <file>DSP2833x_usDelay.obj</file>
         <name>DSP2833x_usDelay.obj</name>
      </input_file>
      <input_file id="fl-f">
         <path>.\</path>
         <kind>object</kind>
         <file>ECan_Module.obj</file>
         <name>ECan_Module.obj</name>
      </input_file>
      <input_file id="fl-10">
         <path>.\</path>
         <kind>object</kind>
         <file>ECan_Transmit.obj</file>
         <name>ECan_Transmit.obj</name>
      </input_file>
      <input_file id="fl-11">
         <path>.\</path>
         <kind>object</kind>
         <file>EVDO_DATA.obj</file>
         <name>EVDO_DATA.obj</name>
      </input_file>
      <input_file id="fl-12">
         <path>.\</path>
         <kind>object</kind>
         <file>EVDO_GPRS.obj</file>
         <name>EVDO_GPRS.obj</name>
      </input_file>
      <input_file id="fl-13">
         <path>.\</path>
         <kind>object</kind>
         <file>GIPOSetup.obj</file>
         <name>GIPOSetup.obj</name>
      </input_file>
      <input_file id="fl-14">
         <path>.\</path>
         <kind>object</kind>
         <file>GPS_Ublox.obj</file>
         <name>GPS_Ublox.obj</name>
      </input_file>
      <input_file id="fl-15">
         <path>.\</path>
         <kind>object</kind>
         <file>SD_CardManager.obj</file>
         <name>SD_CardManager.obj</name>
      </input_file>
      <input_file id="fl-16">
         <path>.\</path>
         <kind>object</kind>
         <file>SD_SPI_Erase.obj</file>
         <name>SD_SPI_Erase.obj</name>
      </input_file>
      <input_file id="fl-17">
         <path>.\</path>
         <kind>object</kind>
         <file>SD_SPI_Initialization.obj</file>
         <name>SD_SPI_Initialization.obj</name>
      </input_file>
      <input_file id="fl-18">
         <path>.\</path>
         <kind>object</kind>
         <file>SD_SPI_Read.obj</file>
         <name>SD_SPI_Read.obj</name>
      </input_file>
      <input_file id="fl-19">
         <path>.\</path>
         <kind>object</kind>
         <file>SD_SPI_Registers.obj</file>
         <name>SD_SPI_Registers.obj</name>
      </input_file>
      <input_file id="fl-1a">
         <path>.\</path>
         <kind>object</kind>
         <file>SD_SPI_Transmission.obj</file>
         <name>SD_SPI_Transmission.obj</name>
      </input_file>
      <input_file id="fl-1b">
         <path>.\</path>
         <kind>object</kind>
         <file>SD_SPI_Write.obj</file>
         <name>SD_SPI_Write.obj</name>
      </input_file>
      <input_file id="fl-1c">
         <path>.\</path>
         <kind>object</kind>
         <file>main.obj</file>
         <name>main.obj</name>
      </input_file>
      <input_file id="fl-28">
         <path>C:\ti\ccsv6\tools\compiler\ti-cgt-c2000_6.4.6\lib\</path>
         <kind>archive</kind>
         <file>rts2800_fpu32.lib</file>
         <name>ll_aox.obj</name>
      </input_file>
      <input_file id="fl-29">
         <path>C:\ti\ccsv6\tools\compiler\ti-cgt-c2000_6.4.6\lib\</path>
         <kind>archive</kind>
         <file>rts2800_fpu32.lib</file>
         <name>u_div.obj</name>
      </input_file>
      <input_file id="fl-2a">
         <path>C:\ti\ccsv6\tools\compiler\ti-cgt-c2000_6.4.6\lib\</path>
         <kind>archive</kind>
         <file>rts2800_fpu32.lib</file>
         <name>atoi.obj</name>
      </input_file>
      <input_file id="fl-2b">
         <path>C:\ti\ccsv6\tools\compiler\ti-cgt-c2000_6.4.6\lib\</path>
         <kind>archive</kind>
         <file>rts2800_fpu32.lib</file>
         <name>ctype.obj</name>
      </input_file>
      <input_file id="fl-2c">
         <path>C:\ti\ccsv6\tools\compiler\ti-cgt-c2000_6.4.6\lib\</path>
         <kind>archive</kind>
         <file>rts2800_fpu32.lib</file>
         <name>atol.obj</name>
      </input_file>
      <input_file id="fl-2d">
         <path>C:\ti\ccsv6\tools\compiler\ti-cgt-c2000_6.4.6\lib\</path>
         <kind>archive</kind>
         <file>rts2800_fpu32.lib</file>
         <name>boot.obj</name>
      </input_file>
      <input_file id="fl-2e">
         <path>C:\ti\ccsv6\tools\compiler\ti-cgt-c2000_6.4.6\lib\</path>
         <kind>archive</kind>
         <file>rts2800_fpu32.lib</file>
         <name>args_main.obj</name>
      </input_file>
      <input_file id="fl-2f">
         <path>C:\ti\ccsv6\tools\compiler\ti-cgt-c2000_6.4.6\lib\</path>
         <kind>archive</kind>
         <file>rts2800_fpu32.lib</file>
         <name>exit.obj</name>
      </input_file>
      <input_file id="fl-30">
         <path>C:\ti\ccsv6\tools\compiler\ti-cgt-c2000_6.4.6\lib\</path>
         <kind>archive</kind>
         <file>rts2800_fpu32.lib</file>
         <name>_lock.obj</name>
      </input_file>
      <input_file id="fl-31">
         <path>C:\ti\ccsv6\tools\compiler\ti-cgt-c2000_6.4.6\lib\</path>
         <kind>archive</kind>
         <file>rts2800_fpu32.lib</file>
         <name>strlen.obj</name>
      </input_file>
      <input_file id="fl-32">
         <path>C:\ti\ccsv6\tools\compiler\ti-cgt-c2000_6.4.6\lib\</path>
         <kind>archive</kind>
         <file>rts2800_fpu32.lib</file>
         <name>strstr.obj</name>
      </input_file>
   </input_file_list>
   <object_component_list>
      <object_component id="oc-95">
         <name>PieVectTableFile</name>
         <uninitialized>true</uninitialized>
         <run_address>0xd00</run_address>
         <size>0x100</size>
         <input_file_ref idref="fl-8"/>
      </object_component>
      <object_component id="oc-91">
         <name>DevEmuRegsFile</name>
         <uninitialized>true</uninitialized>
         <run_address>0x880</run_address>
         <size>0xd0</size>
         <input_file_ref idref="fl-8"/>
      </object_component>
      <object_component id="oc-67">
         <name>FlashRegsFile</name>
         <uninitialized>true</uninitialized>
         <run_address>0xa80</run_address>
         <size>0x8</size>
         <input_file_ref idref="fl-8"/>
      </object_component>
      <object_component id="oc-6f">
         <name>CsmRegsFile</name>
         <uninitialized>true</uninitialized>
         <run_address>0xae0</run_address>
         <size>0x10</size>
         <input_file_ref idref="fl-8"/>
      </object_component>
      <object_component id="oc-70">
         <name>AdcMirrorFile</name>
         <uninitialized>true</uninitialized>
         <run_address>0xb00</run_address>
         <size>0x10</size>
         <input_file_ref idref="fl-8"/>
      </object_component>
      <object_component id="oc-74">
         <name>XintfRegsFile</name>
         <uninitialized>true</uninitialized>
         <run_address>0xb20</run_address>
         <size>0x1e</size>
         <input_file_ref idref="fl-8"/>
      </object_component>
      <object_component id="oc-68">
         <name>CpuTimer0RegsFile</name>
         <uninitialized>true</uninitialized>
         <run_address>0xc00</run_address>
         <size>0x8</size>
         <input_file_ref idref="fl-8"/>
      </object_component>
      <object_component id="oc-69">
         <name>CpuTimer1RegsFile</name>
         <uninitialized>true</uninitialized>
         <run_address>0xc08</run_address>
         <size>0x8</size>
         <input_file_ref idref="fl-8"/>
      </object_component>
      <object_component id="oc-65">
         <name>CpuTimer2RegsFile</name>
         <uninitialized>true</uninitialized>
         <run_address>0xc10</run_address>
         <size>0x8</size>
         <input_file_ref idref="fl-8"/>
      </object_component>
      <object_component id="oc-72">
         <name>PieCtrlRegsFile</name>
         <uninitialized>true</uninitialized>
         <run_address>0xce0</run_address>
         <size>0x1a</size>
         <input_file_ref idref="fl-8"/>
      </object_component>
      <object_component id="oc-92">
         <name>DmaRegsFile</name>
         <uninitialized>true</uninitialized>
         <run_address>0x1000</run_address>
         <size>0xe0</size>
         <input_file_ref idref="fl-8"/>
      </object_component>
      <object_component id="oc-85">
         <name>McbspaRegsFile</name>
         <uninitialized>true</uninitialized>
         <run_address>0x5000</run_address>
         <size>0x25</size>
         <input_file_ref idref="fl-8"/>
      </object_component>
      <object_component id="oc-84">
         <name>McbspbRegsFile</name>
         <uninitialized>true</uninitialized>
         <run_address>0x5040</run_address>
         <size>0x25</size>
         <input_file_ref idref="fl-8"/>
      </object_component>
      <object_component id="oc-87">
         <name>ECanaRegsFile</name>
         <uninitialized>true</uninitialized>
         <run_address>0x6000</run_address>
         <size>0x34</size>
         <input_file_ref idref="fl-8"/>
      </object_component>
      <object_component id="oc-8b">
         <name>ECanaLAMRegsFile</name>
         <uninitialized>true</uninitialized>
         <run_address>0x6040</run_address>
         <size>0x40</size>
         <input_file_ref idref="fl-8"/>
      </object_component>
      <object_component id="oc-94">
         <name>ECanaMboxesFile</name>
         <uninitialized>true</uninitialized>
         <run_address>0x6100</run_address>
         <size>0x100</size>
         <input_file_ref idref="fl-8"/>
      </object_component>
      <object_component id="oc-8c">
         <name>ECanaMOTSRegsFile</name>
         <uninitialized>true</uninitialized>
         <run_address>0x6080</run_address>
         <size>0x40</size>
         <input_file_ref idref="fl-8"/>
      </object_component>
      <object_component id="oc-89">
         <name>ECanaMOTORegsFile</name>
         <uninitialized>true</uninitialized>
         <run_address>0x60c0</run_address>
         <size>0x40</size>
         <input_file_ref idref="fl-8"/>
      </object_component>
      <object_component id="oc-88">
         <name>ECanbRegsFile</name>
         <uninitialized>true</uninitialized>
         <run_address>0x6200</run_address>
         <size>0x34</size>
         <input_file_ref idref="fl-8"/>
      </object_component>
      <object_component id="oc-90">
         <name>ECanbLAMRegsFile</name>
         <uninitialized>true</uninitialized>
         <run_address>0x6240</run_address>
         <size>0x40</size>
         <input_file_ref idref="fl-8"/>
      </object_component>
      <object_component id="oc-93">
         <name>ECanbMboxesFile</name>
         <uninitialized>true</uninitialized>
         <run_address>0x6300</run_address>
         <size>0x100</size>
         <input_file_ref idref="fl-8"/>
      </object_component>
      <object_component id="oc-8a">
         <name>ECanbMOTSRegsFile</name>
         <uninitialized>true</uninitialized>
         <run_address>0x6280</run_address>
         <size>0x40</size>
         <input_file_ref idref="fl-8"/>
      </object_component>
      <object_component id="oc-8d">
         <name>ECanbMOTORegsFile</name>
         <uninitialized>true</uninitialized>
         <run_address>0x62c0</run_address>
         <size>0x40</size>
         <input_file_ref idref="fl-8"/>
      </object_component>
      <object_component id="oc-82">
         <name>EPwm1RegsFile</name>
         <uninitialized>true</uninitialized>
         <run_address>0x6800</run_address>
         <size>0x22</size>
         <input_file_ref idref="fl-8"/>
      </object_component>
      <object_component id="oc-7d">
         <name>EPwm2RegsFile</name>
         <uninitialized>true</uninitialized>
         <run_address>0x6840</run_address>
         <size>0x22</size>
         <input_file_ref idref="fl-8"/>
      </object_component>
      <object_component id="oc-7e">
         <name>EPwm3RegsFile</name>
         <uninitialized>true</uninitialized>
         <run_address>0x6880</run_address>
         <size>0x22</size>
         <input_file_ref idref="fl-8"/>
      </object_component>
      <object_component id="oc-83">
         <name>EPwm4RegsFile</name>
         <uninitialized>true</uninitialized>
         <run_address>0x68c0</run_address>
         <size>0x22</size>
         <input_file_ref idref="fl-8"/>
      </object_component>
      <object_component id="oc-80">
         <name>EPwm5RegsFile</name>
         <uninitialized>true</uninitialized>
         <run_address>0x6900</run_address>
         <size>0x22</size>
         <input_file_ref idref="fl-8"/>
      </object_component>
      <object_component id="oc-81">
         <name>EPwm6RegsFile</name>
         <uninitialized>true</uninitialized>
         <run_address>0x6940</run_address>
         <size>0x22</size>
         <input_file_ref idref="fl-8"/>
      </object_component>
      <object_component id="oc-77">
         <name>ECap1RegsFile</name>
         <uninitialized>true</uninitialized>
         <run_address>0x6a00</run_address>
         <size>0x20</size>
         <input_file_ref idref="fl-8"/>
      </object_component>
      <object_component id="oc-78">
         <name>ECap2RegsFile</name>
         <uninitialized>true</uninitialized>
         <run_address>0x6a20</run_address>
         <size>0x20</size>
         <input_file_ref idref="fl-8"/>
      </object_component>
      <object_component id="oc-75">
         <name>ECap3RegsFile</name>
         <uninitialized>true</uninitialized>
         <run_address>0x6a40</run_address>
         <size>0x20</size>
         <input_file_ref idref="fl-8"/>
      </object_component>
      <object_component id="oc-76">
         <name>ECap4RegsFile</name>
         <uninitialized>true</uninitialized>
         <run_address>0x6a60</run_address>
         <size>0x20</size>
         <input_file_ref idref="fl-8"/>
      </object_component>
      <object_component id="oc-7b">
         <name>ECap5RegsFile</name>
         <uninitialized>true</uninitialized>
         <run_address>0x6a80</run_address>
         <size>0x20</size>
         <input_file_ref idref="fl-8"/>
      </object_component>
      <object_component id="oc-7c">
         <name>ECap6RegsFile</name>
         <uninitialized>true</uninitialized>
         <run_address>0x6aa0</run_address>
         <size>0x20</size>
         <input_file_ref idref="fl-8"/>
      </object_component>
      <object_component id="oc-8e">
         <name>EQep1RegsFile</name>
         <uninitialized>true</uninitialized>
         <run_address>0x6b00</run_address>
         <size>0x40</size>
         <input_file_ref idref="fl-8"/>
      </object_component>
      <object_component id="oc-8f">
         <name>EQep2RegsFile</name>
         <uninitialized>true</uninitialized>
         <run_address>0x6b40</run_address>
         <size>0x40</size>
         <input_file_ref idref="fl-8"/>
      </object_component>
      <object_component id="oc-86">
         <name>GpioCtrlRegsFile</name>
         <uninitialized>true</uninitialized>
         <run_address>0x6f80</run_address>
         <size>0x2e</size>
         <input_file_ref idref="fl-8"/>
      </object_component>
      <object_component id="oc-79">
         <name>GpioDataRegsFile</name>
         <uninitialized>true</uninitialized>
         <run_address>0x6fc0</run_address>
         <size>0x20</size>
         <input_file_ref idref="fl-8"/>
      </object_component>
      <object_component id="oc-6a">
         <name>GpioIntRegsFile</name>
         <uninitialized>true</uninitialized>
         <run_address>0x6fe0</run_address>
         <size>0xa</size>
         <input_file_ref idref="fl-8"/>
      </object_component>
      <object_component id="oc-7a">
         <name>SysCtrlRegsFile</name>
         <uninitialized>true</uninitialized>
         <run_address>0x7010</run_address>
         <size>0x20</size>
         <input_file_ref idref="fl-8"/>
      </object_component>
      <object_component id="oc-6b">
         <name>SpiaRegsFile</name>
         <uninitialized>true</uninitialized>
         <run_address>0x7040</run_address>
         <size>0x10</size>
         <input_file_ref idref="fl-8"/>
      </object_component>
      <object_component id="oc-6e">
         <name>SciaRegsFile</name>
         <uninitialized>true</uninitialized>
         <run_address>0x7050</run_address>
         <size>0x10</size>
         <input_file_ref idref="fl-8"/>
      </object_component>
      <object_component id="oc-71">
         <name>XIntruptRegsFile</name>
         <uninitialized>true</uninitialized>
         <run_address>0x7070</run_address>
         <size>0x10</size>
         <input_file_ref idref="fl-8"/>
      </object_component>
      <object_component id="oc-73">
         <name>AdcRegsFile</name>
         <uninitialized>true</uninitialized>
         <run_address>0x7100</run_address>
         <size>0x1e</size>
         <input_file_ref idref="fl-8"/>
      </object_component>
      <object_component id="oc-6c">
         <name>ScibRegsFile</name>
         <uninitialized>true</uninitialized>
         <run_address>0x7750</run_address>
         <size>0x10</size>
         <input_file_ref idref="fl-8"/>
      </object_component>
      <object_component id="oc-6d">
         <name>ScicRegsFile</name>
         <uninitialized>true</uninitialized>
         <run_address>0x7770</run_address>
         <size>0x10</size>
         <input_file_ref idref="fl-8"/>
      </object_component>
      <object_component id="oc-7f">
         <name>I2caRegsFile</name>
         <uninitialized>true</uninitialized>
         <run_address>0x7900</run_address>
         <size>0x22</size>
         <input_file_ref idref="fl-8"/>
      </object_component>
      <object_component id="oc-66">
         <name>CsmPwlFile</name>
         <uninitialized>true</uninitialized>
         <run_address>0x33fff8</run_address>
         <size>0x8</size>
         <input_file_ref idref="fl-8"/>
      </object_component>
      <object_component id="oc-64">
         <name>PartIdRegsFile</name>
         <uninitialized>true</uninitialized>
         <run_address>0x380090</run_address>
         <size>0x1</size>
         <input_file_ref idref="fl-8"/>
      </object_component>
      <object_component id="oc-ca">
         <name>.cinit</name>
         <load_address>0x33b1c3</load_address>
         <run_address>0x33b1c3</run_address>
         <size>0x64</size>
         <input_file_ref idref="fl-12"/>
      </object_component>
      <object_component id="oc-eb">
         <name>.cinit</name>
         <load_address>0x33b227</load_address>
         <run_address>0x33b227</run_address>
         <size>0xc</size>
         <input_file_ref idref="fl-17"/>
      </object_component>
      <object_component id="oc-108">
         <name>.cinit</name>
         <load_address>0x33b233</load_address>
         <run_address>0x33b233</run_address>
         <size>0xc</size>
         <input_file_ref idref="fl-1c"/>
      </object_component>
      <object_component id="oc-132">
         <name>.cinit</name>
         <load_address>0x33b23f</load_address>
         <run_address>0x33b23f</run_address>
         <size>0xa</size>
         <input_file_ref idref="fl-2f"/>
      </object_component>
      <object_component id="oc-bc">
         <name>.cinit</name>
         <load_address>0x33b249</load_address>
         <run_address>0x33b249</run_address>
         <size>0x8</size>
         <input_file_ref idref="fl-10"/>
      </object_component>
      <object_component id="oc-c3">
         <name>.cinit</name>
         <load_address>0x33b251</load_address>
         <run_address>0x33b251</run_address>
         <size>0x8</size>
         <input_file_ref idref="fl-11"/>
      </object_component>
      <object_component id="oc-159">
         <name>.cinit:__lock</name>
         <load_address>0x33b259</load_address>
         <run_address>0x33b259</run_address>
         <size>0x5</size>
         <input_file_ref idref="fl-30"/>
      </object_component>
      <object_component id="oc-175">
         <name>.cinit:__unlock</name>
         <load_address>0x33b25e</load_address>
         <run_address>0x33b25e</run_address>
         <size>0x5</size>
         <input_file_ref idref="fl-30"/>
      </object_component>
      <object_component id="oc-d8">
         <name>.cinit</name>
         <load_address>0x33b263</load_address>
         <run_address>0x33b263</run_address>
         <size>0x4</size>
         <input_file_ref idref="fl-14"/>
      </object_component>
      <object_component id="oc-df">
         <name>.cinit</name>
         <load_address>0x33b267</load_address>
         <run_address>0x33b267</run_address>
         <size>0x4</size>
         <input_file_ref idref="fl-15"/>
      </object_component>
      <object_component id="oc-101">
         <name>.cinit</name>
         <load_address>0x33b26b</load_address>
         <run_address>0x33b26b</run_address>
         <size>0x4</size>
         <input_file_ref idref="fl-1b"/>
      </object_component>
      <object_component id="oc-147">
         <name>.text</name>
         <load_address>0x338000</load_address>
         <run_address>0x338000</run_address>
         <size>0x996</size>
         <input_file_ref idref="fl-10"/>
      </object_component>
      <object_component id="oc-154">
         <name>.text</name>
         <load_address>0x338996</load_address>
         <run_address>0x338996</run_address>
         <size>0x933</size>
         <input_file_ref idref="fl-12"/>
      </object_component>
      <object_component id="oc-155">
         <name>.text</name>
         <load_address>0x3392c9</load_address>
         <run_address>0x3392c9</run_address>
         <size>0x4e4</size>
         <input_file_ref idref="fl-11"/>
      </object_component>
      <object_component id="oc-5e">
         <name>.text:retain</name>
         <load_address>0x3397ad</load_address>
         <run_address>0x3397ad</run_address>
         <size>0x37f</size>
         <input_file_ref idref="fl-7"/>
      </object_component>
      <object_component id="oc-14b">
         <name>.text</name>
         <load_address>0x339b2c</load_address>
         <run_address>0x339b2c</run_address>
         <size>0x35b</size>
         <input_file_ref idref="fl-f"/>
      </object_component>
      <object_component id="oc-157">
         <name>.text</name>
         <load_address>0x339e87</load_address>
         <run_address>0x339e87</run_address>
         <size>0x21a</size>
         <input_file_ref idref="fl-15"/>
      </object_component>
      <object_component id="oc-148">
         <name>.text</name>
         <load_address>0x33a0a1</load_address>
         <run_address>0x33a0a1</run_address>
         <size>0x218</size>
         <input_file_ref idref="fl-1c"/>
      </object_component>
      <object_component id="oc-171">
         <name>.text</name>
         <load_address>0x33a2b9</load_address>
         <run_address>0x33a2b9</run_address>
         <size>0x19e</size>
         <input_file_ref idref="fl-1b"/>
      </object_component>
      <object_component id="oc-16e">
         <name>.text</name>
         <load_address>0x33a457</load_address>
         <run_address>0x33a457</run_address>
         <size>0x183</size>
         <input_file_ref idref="fl-17"/>
      </object_component>
      <object_component id="oc-156">
         <name>.text</name>
         <load_address>0x33a5da</load_address>
         <run_address>0x33a5da</run_address>
         <size>0x106</size>
         <input_file_ref idref="fl-14"/>
      </object_component>
      <object_component id="oc-14d">
         <name>.text</name>
         <load_address>0x33a6e0</load_address>
         <run_address>0x33a6e0</run_address>
         <size>0xf8</size>
         <input_file_ref idref="fl-d"/>
      </object_component>
      <object_component id="oc-14f">
         <name>.text</name>
         <load_address>0x33a7d8</load_address>
         <run_address>0x33a7d8</run_address>
         <size>0xf6</size>
         <input_file_ref idref="fl-13"/>
      </object_component>
      <object_component id="oc-170">
         <name>.text</name>
         <load_address>0x33a8ce</load_address>
         <run_address>0x33a8ce</run_address>
         <size>0xdb</size>
         <input_file_ref idref="fl-18"/>
      </object_component>
      <object_component id="oc-16f">
         <name>.text</name>
         <load_address>0x33a9a9</load_address>
         <run_address>0x33a9a9</run_address>
         <size>0xc8</size>
         <input_file_ref idref="fl-19"/>
      </object_component>
      <object_component id="oc-177">
         <name>.text</name>
         <load_address>0x33aa71</load_address>
         <run_address>0x33aa71</run_address>
         <size>0xc2</size>
         <input_file_ref idref="fl-1a"/>
      </object_component>
      <object_component id="oc-14e">
         <name>.text</name>
         <load_address>0x33ab33</load_address>
         <run_address>0x33ab33</run_address>
         <size>0x89</size>
         <input_file_ref idref="fl-b"/>
      </object_component>
      <object_component id="oc-153">
         <name>.text</name>
         <load_address>0x33abbc</load_address>
         <run_address>0x33abbc</run_address>
         <size>0x73</size>
         <input_file_ref idref="fl-6"/>
      </object_component>
      <object_component id="oc-172">
         <name>.text</name>
         <load_address>0x33ac2f</load_address>
         <run_address>0x33ac2f</run_address>
         <size>0x6b</size>
         <input_file_ref idref="fl-16"/>
      </object_component>
      <object_component id="oc-10a">
         <name>.text:retain</name>
         <load_address>0x33ac9a</load_address>
         <run_address>0x33ac9a</run_address>
         <size>0x66</size>
         <input_file_ref idref="fl-1c"/>
      </object_component>
      <object_component id="oc-125">
         <name>.text</name>
         <load_address>0x33ad00</load_address>
         <run_address>0x33ad00</run_address>
         <size>0x46</size>
         <input_file_ref idref="fl-2d"/>
      </object_component>
      <object_component id="oc-150">
         <name>.text</name>
         <load_address>0x33ad46</load_address>
         <run_address>0x33ad46</run_address>
         <size>0x38</size>
         <input_file_ref idref="fl-c"/>
      </object_component>
      <object_component id="oc-16d">
         <name>.text</name>
         <load_address>0x33ad7e</load_address>
         <run_address>0x33ad7e</run_address>
         <size>0x35</size>
         <input_file_ref idref="fl-2c"/>
      </object_component>
      <object_component id="oc-15c">
         <name>.text</name>
         <load_address>0x33adb3</load_address>
         <run_address>0x33adb3</run_address>
         <size>0x31</size>
         <input_file_ref idref="fl-2a"/>
      </object_component>
      <object_component id="oc-151">
         <name>.text</name>
         <load_address>0x33ade4</load_address>
         <run_address>0x33ade4</run_address>
         <size>0x28</size>
         <input_file_ref idref="fl-9"/>
      </object_component>
      <object_component id="oc-152">
         <name>.text</name>
         <load_address>0x33ae0c</load_address>
         <run_address>0x33ae0c</run_address>
         <size>0x22</size>
         <input_file_ref idref="fl-a"/>
      </object_component>
      <object_component id="oc-149">
         <name>.text</name>
         <load_address>0x33ae2e</load_address>
         <run_address>0x33ae2e</run_address>
         <size>0x19</size>
         <input_file_ref idref="fl-2e"/>
      </object_component>
      <object_component id="oc-14a">
         <name>.text</name>
         <load_address>0x33ae47</load_address>
         <run_address>0x33ae47</run_address>
         <size>0x19</size>
         <input_file_ref idref="fl-2f"/>
      </object_component>
      <object_component id="oc-10f">
         <name>.text</name>
         <load_address>0x33ae60</load_address>
         <run_address>0x33ae60</run_address>
         <size>0x18</size>
         <input_file_ref idref="fl-28"/>
      </object_component>
      <object_component id="oc-15b">
         <name>.text</name>
         <load_address>0x33ae78</load_address>
         <run_address>0x33ae78</run_address>
         <size>0x17</size>
         <input_file_ref idref="fl-32"/>
      </object_component>
      <object_component id="oc-114">
         <name>.text</name>
         <load_address>0x33ae8f</load_address>
         <run_address>0x33ae8f</run_address>
         <size>0xb</size>
         <input_file_ref idref="fl-29"/>
      </object_component>
      <object_component id="oc-174">
         <name>.text</name>
         <load_address>0x33ae9a</load_address>
         <run_address>0x33ae9a</run_address>
         <size>0x9</size>
         <input_file_ref idref="fl-30"/>
      </object_component>
      <object_component id="oc-52">
         <name>.text</name>
         <load_address>0x33aea3</load_address>
         <run_address>0x33aea3</run_address>
         <size>0x8</size>
         <input_file_ref idref="fl-5"/>
      </object_component>
      <object_component id="oc-15a">
         <name>.text</name>
         <load_address>0x33aeab</load_address>
         <run_address>0x33aeab</run_address>
         <size>0x8</size>
         <input_file_ref idref="fl-31"/>
      </object_component>
      <object_component id="oc-4c">
         <name>codestart</name>
         <load_address>0x33fff6</load_address>
         <run_address>0x33fff6</run_address>
         <size>0x2</size>
         <input_file_ref idref="fl-5"/>
      </object_component>
      <object_component id="oc-b1">
         <name>ramfuncs</name>
         <load_address>0x320000</load_address>
         <run_address>0x8000</run_address>
         <size>0x4</size>
         <input_file_ref idref="fl-e"/>
      </object_component>
      <object_component id="oc-126">
         <name>.stack</name>
         <uninitialized>true</uninitialized>
         <run_address>0x400</run_address>
         <size>0x0</size>
         <input_file_ref idref="fl-2d"/>
      </object_component>
      <object_component id="oc-1cd">
         <name>.stack</name>
         <uninitialized>true</uninitialized>
         <run_address>0x400</run_address>
         <size>0x0</size>
      </object_component>
      <object_component id="oc-58">
         <name>.ebss</name>
         <uninitialized>true</uninitialized>
         <run_address>0xc2d8</run_address>
         <size>0x18</size>
         <input_file_ref idref="fl-6"/>
      </object_component>
      <object_component id="oc-bd">
         <name>.ebss</name>
         <uninitialized>true</uninitialized>
         <run_address>0xc2fa</run_address>
         <size>0x3</size>
         <input_file_ref idref="fl-10"/>
      </object_component>
      <object_component id="oc-c4">
         <name>.ebss</name>
         <uninitialized>true</uninitialized>
         <run_address>0xc500</run_address>
         <size>0x31</size>
         <input_file_ref idref="fl-11"/>
      </object_component>
      <object_component id="oc-cb">
         <name>.ebss</name>
         <uninitialized>true</uninitialized>
         <run_address>0xc000</run_address>
         <size>0x2d8</size>
         <input_file_ref idref="fl-12"/>
      </object_component>
      <object_component id="oc-d9">
         <name>.ebss</name>
         <uninitialized>true</uninitialized>
         <run_address>0xc4c0</run_address>
         <size>0x36</size>
         <input_file_ref idref="fl-14"/>
      </object_component>
      <object_component id="oc-e0">
         <name>.ebss</name>
         <uninitialized>true</uninitialized>
         <run_address>0xc300</run_address>
         <size>0x198</size>
         <input_file_ref idref="fl-15"/>
      </object_component>
      <object_component id="oc-ec">
         <name>.ebss</name>
         <uninitialized>true</uninitialized>
         <run_address>0xc540</run_address>
         <size>0x2b</size>
         <input_file_ref idref="fl-17"/>
      </object_component>
      <object_component id="oc-102">
         <name>.ebss</name>
         <uninitialized>true</uninitialized>
         <run_address>0xc2fd</run_address>
         <size>0x2</size>
         <input_file_ref idref="fl-1b"/>
      </object_component>
      <object_component id="oc-109">
         <name>.ebss</name>
         <uninitialized>true</uninitialized>
         <run_address>0xc2f0</run_address>
         <size>0x5</size>
         <input_file_ref idref="fl-1c"/>
      </object_component>
      <object_component id="oc-133">
         <name>.ebss</name>
         <uninitialized>true</uninitialized>
         <run_address>0xc2f6</run_address>
         <size>0x4</size>
         <input_file_ref idref="fl-2f"/>
      </object_component>
      <object_component id="oc-178">
         <name>.ebss:__unlock</name>
         <uninitialized>true</uninitialized>
         <run_address>0xc49a</run_address>
         <size>0x2</size>
         <input_file_ref idref="fl-30"/>
      </object_component>
      <object_component id="oc-158">
         <name>.ebss:__lock</name>
         <uninitialized>true</uninitialized>
         <run_address>0xc498</run_address>
         <size>0x2</size>
         <input_file_ref idref="fl-30"/>
      </object_component>
      <object_component id="oc-176">
         <name>.econst:.string:__ctypes_</name>
         <load_address>0x33aeb4</load_address>
         <run_address>0x33aeb4</run_address>
         <size>0x101</size>
         <input_file_ref idref="fl-2b"/>
      </object_component>
      <object_component id="oc-9d">
         <name>.econst</name>
         <load_address>0x33afb6</load_address>
         <run_address>0x33afb6</run_address>
         <size>0x100</size>
         <input_file_ref idref="fl-a"/>
      </object_component>
      <object_component id="oc-cd">
         <name>.econst:.string</name>
         <load_address>0x33b0b6</load_address>
         <run_address>0x33b0b6</run_address>
         <size>0x54</size>
         <input_file_ref idref="fl-12"/>
      </object_component>
      <object_component id="oc-163">
         <name>.econst:.string:_ATCMD_SocketDial</name>
         <load_address>0x33b10a</load_address>
         <run_address>0x33b10a</run_address>
         <size>0x24</size>
         <input_file_ref idref="fl-12"/>
      </object_component>
      <object_component id="oc-160">
         <name>.econst:.string:_ATCMD_SocketConfiguration</name>
         <load_address>0x33b12e</load_address>
         <run_address>0x33b12e</run_address>
         <size>0x1b</size>
         <input_file_ref idref="fl-12"/>
      </object_component>
      <object_component id="oc-16a">
         <name>.econst:.string:_ATActivate</name>
         <load_address>0x33b149</load_address>
         <run_address>0x33b149</run_address>
         <size>0xe</size>
         <input_file_ref idref="fl-12"/>
      </object_component>
      <object_component id="oc-162">
         <name>.econst:.string:_ATCMD_ContextActivation</name>
         <load_address>0x33b157</load_address>
         <run_address>0x33b157</run_address>
         <size>0xd</size>
         <input_file_ref idref="fl-12"/>
      </object_component>
      <object_component id="oc-161">
         <name>.econst:.string:_ATCMD_GPSTurnON</name>
         <load_address>0x33b164</load_address>
         <run_address>0x33b164</run_address>
         <size>0xa</size>
         <input_file_ref idref="fl-12"/>
      </object_component>
      <object_component id="oc-cc">
         <name>.econst</name>
         <load_address>0x33b16e</load_address>
         <run_address>0x33b16e</run_address>
         <size>0xa</size>
         <input_file_ref idref="fl-12"/>
      </object_component>
      <object_component id="oc-15f">
         <name>.econst:.string:_ATCMD_Clock</name>
         <load_address>0x33b178</load_address>
         <run_address>0x33b178</run_address>
         <size>0x9</size>
         <input_file_ref idref="fl-12"/>
      </object_component>
      <object_component id="oc-164">
         <name>.econst:.string:_ATCMD_Reset</name>
         <load_address>0x33b181</load_address>
         <run_address>0x33b181</run_address>
         <size>0x9</size>
         <input_file_ref idref="fl-12"/>
      </object_component>
      <object_component id="oc-168">
         <name>.econst:.string:_ATMEID</name>
         <load_address>0x33b18a</load_address>
         <run_address>0x33b18a</run_address>
         <size>0x9</size>
         <input_file_ref idref="fl-12"/>
      </object_component>
      <object_component id="oc-169">
         <name>.econst:.string:_ATRegister</name>
         <load_address>0x33b193</load_address>
         <run_address>0x33b193</run_address>
         <size>0x9</size>
         <input_file_ref idref="fl-12"/>
      </object_component>
      <object_component id="oc-167">
         <name>.econst:.string:_ATCMD_SocketRestore</name>
         <load_address>0x33b19c</load_address>
         <run_address>0x33b19c</run_address>
         <size>0x8</size>
         <input_file_ref idref="fl-12"/>
      </object_component>
      <object_component id="oc-16b">
         <name>.econst:.string:_ATCNUM</name>
         <load_address>0x33b1a4</load_address>
         <run_address>0x33b1a4</run_address>
         <size>0x8</size>
         <input_file_ref idref="fl-12"/>
      </object_component>
      <object_component id="oc-15e">
         <name>.econst:.string:_ATCMD_CSQ</name>
         <load_address>0x33b1ac</load_address>
         <run_address>0x33b1ac</run_address>
         <size>0x7</size>
         <input_file_ref idref="fl-12"/>
      </object_component>
      <object_component id="oc-166">
         <name>.econst:.string:_ATCMD_GPSData</name>
         <load_address>0x33b1b3</load_address>
         <run_address>0x33b1b3</run_address>
         <size>0x7</size>
         <input_file_ref idref="fl-12"/>
      </object_component>
      <object_component id="oc-15d">
         <name>.econst:.string:_ATCMD_ATE</name>
         <load_address>0x33b1ba</load_address>
         <run_address>0x33b1ba</run_address>
         <size>0x5</size>
         <input_file_ref idref="fl-12"/>
      </object_component>
      <object_component id="oc-165">
         <name>.econst:.string:_ATSuspend</name>
         <load_address>0x33b1bf</load_address>
         <run_address>0x33b1bf</run_address>
         <size>0x4</size>
         <input_file_ref idref="fl-12"/>
      </object_component>
      <object_component id="oc-16c">
         <name>.switch:_EVDO_Process</name>
         <load_address>0x33b272</load_address>
         <run_address>0x33b272</run_address>
         <size>0x1c</size>
         <input_file_ref idref="fl-12"/>
      </object_component>
      <object_component id="oc-14c">
         <name>.switch:_SendTelematicsStatus</name>
         <load_address>0x33b28e</load_address>
         <run_address>0x33b28e</run_address>
         <size>0x18</size>
         <input_file_ref idref="fl-10"/>
      </object_component>
      <object_component id="oc-173">
         <name>.switch:_uSD_Process</name>
         <load_address>0x33b2a6</load_address>
         <run_address>0x33b2a6</run_address>
         <size>0x18</size>
         <input_file_ref idref="fl-15"/>
      </object_component>
      <object_component id="oc-127">
         <name>.reset</name>
         <load_address>0x3fffc0</load_address>
         <run_address>0x3fffc0</run_address>
         <size>0x2</size>
         <input_file_ref idref="fl-2d"/>
      </object_component>
      <object_component id="oc-4d">
         <name>.adc_cal</name>
         <load_address>0x380080</load_address>
         <run_address>0x380080</run_address>
         <size>0x7</size>
         <input_file_ref idref="fl-4"/>
      </object_component>
      <object_component id="oc-4e">
         <name>.debug_info</name>
         <load_address>0x0</load_address>
         <run_address>0x0</run_address>
         <size>0x190</size>
         <input_file_ref idref="fl-4"/>
      </object_component>
      <object_component id="oc-53">
         <name>.debug_info</name>
         <load_address>0x190</load_address>
         <run_address>0x190</run_address>
         <size>0x209</size>
         <input_file_ref idref="fl-5"/>
      </object_component>
      <object_component id="oc-57">
         <name>.debug_info</name>
         <load_address>0x399</load_address>
         <run_address>0x399</run_address>
         <size>0x9b8</size>
         <input_file_ref idref="fl-6"/>
      </object_component>
      <object_component id="oc-5d">
         <name>.debug_info</name>
         <load_address>0xd51</load_address>
         <run_address>0xd51</run_address>
         <size>0x2859</size>
         <input_file_ref idref="fl-7"/>
      </object_component>
      <object_component id="oc-63">
         <name>.debug_info</name>
         <load_address>0x35aa</load_address>
         <run_address>0x35aa</run_address>
         <size>0x1347b</size>
         <input_file_ref idref="fl-8"/>
      </object_component>
      <object_component id="oc-97">
         <name>.debug_info</name>
         <load_address>0x16a25</load_address>
         <run_address>0x16a25</run_address>
         <size>0xcaf</size>
         <input_file_ref idref="fl-9"/>
      </object_component>
      <object_component id="oc-9c">
         <name>.debug_info</name>
         <load_address>0x176d4</load_address>
         <run_address>0x176d4</run_address>
         <size>0x23b7</size>
         <input_file_ref idref="fl-a"/>
      </object_component>
      <object_component id="oc-a2">
         <name>.debug_info</name>
         <load_address>0x19a8b</load_address>
         <run_address>0x19a8b</run_address>
         <size>0x28fb</size>
         <input_file_ref idref="fl-b"/>
      </object_component>
      <object_component id="oc-a7">
         <name>.debug_info</name>
         <load_address>0x1c386</load_address>
         <run_address>0x1c386</run_address>
         <size>0x2504</size>
         <input_file_ref idref="fl-c"/>
      </object_component>
      <object_component id="oc-ac">
         <name>.debug_info</name>
         <load_address>0x1e88a</load_address>
         <run_address>0x1e88a</run_address>
         <size>0x23d8</size>
         <input_file_ref idref="fl-d"/>
      </object_component>
      <object_component id="oc-b2">
         <name>.debug_info</name>
         <load_address>0x20c62</load_address>
         <run_address>0x20c62</run_address>
         <size>0x190</size>
         <input_file_ref idref="fl-e"/>
      </object_component>
      <object_component id="oc-b6">
         <name>.debug_info</name>
         <load_address>0x20df2</load_address>
         <run_address>0x20df2</run_address>
         <size>0x52f4</size>
         <input_file_ref idref="fl-f"/>
      </object_component>
      <object_component id="oc-bb">
         <name>.debug_info</name>
         <load_address>0x260e6</load_address>
         <run_address>0x260e6</run_address>
         <size>0x58fa</size>
         <input_file_ref idref="fl-10"/>
      </object_component>
      <object_component id="oc-c2">
         <name>.debug_info</name>
         <load_address>0x2b9e0</load_address>
         <run_address>0x2b9e0</run_address>
         <size>0x145a</size>
         <input_file_ref idref="fl-11"/>
      </object_component>
      <object_component id="oc-c9">
         <name>.debug_info</name>
         <load_address>0x2ce3a</load_address>
         <run_address>0x2ce3a</run_address>
         <size>0x3a08</size>
         <input_file_ref idref="fl-12"/>
      </object_component>
      <object_component id="oc-d2">
         <name>.debug_info</name>
         <load_address>0x30842</load_address>
         <run_address>0x30842</run_address>
         <size>0x2b3c</size>
         <input_file_ref idref="fl-13"/>
      </object_component>
      <object_component id="oc-d7">
         <name>.debug_info</name>
         <load_address>0x3337e</load_address>
         <run_address>0x3337e</run_address>
         <size>0xfd7</size>
         <input_file_ref idref="fl-14"/>
      </object_component>
      <object_component id="oc-de">
         <name>.debug_info</name>
         <load_address>0x34355</load_address>
         <run_address>0x34355</run_address>
         <size>0xe88</size>
         <input_file_ref idref="fl-15"/>
      </object_component>
      <object_component id="oc-e5">
         <name>.debug_info</name>
         <load_address>0x351dd</load_address>
         <run_address>0x351dd</run_address>
         <size>0x11c0</size>
         <input_file_ref idref="fl-16"/>
      </object_component>
      <object_component id="oc-ea">
         <name>.debug_info</name>
         <load_address>0x3639d</load_address>
         <run_address>0x3639d</run_address>
         <size>0x221a</size>
         <input_file_ref idref="fl-17"/>
      </object_component>
      <object_component id="oc-f1">
         <name>.debug_info</name>
         <load_address>0x385b7</load_address>
         <run_address>0x385b7</run_address>
         <size>0x1450</size>
         <input_file_ref idref="fl-18"/>
      </object_component>
      <object_component id="oc-f6">
         <name>.debug_info</name>
         <load_address>0x39a07</load_address>
         <run_address>0x39a07</run_address>
         <size>0x146d</size>
         <input_file_ref idref="fl-19"/>
      </object_component>
      <object_component id="oc-fb">
         <name>.debug_info</name>
         <load_address>0x3ae74</load_address>
         <run_address>0x3ae74</run_address>
         <size>0x1ea8</size>
         <input_file_ref idref="fl-1a"/>
      </object_component>
      <object_component id="oc-100">
         <name>.debug_info</name>
         <load_address>0x3cd1c</load_address>
         <run_address>0x3cd1c</run_address>
         <size>0x1bbb</size>
         <input_file_ref idref="fl-1b"/>
      </object_component>
      <object_component id="oc-107">
         <name>.debug_info</name>
         <load_address>0x3e8d7</load_address>
         <run_address>0x3e8d7</run_address>
         <size>0x3912</size>
         <input_file_ref idref="fl-1c"/>
      </object_component>
      <object_component id="oc-110">
         <name>.debug_info</name>
         <load_address>0x421e9</load_address>
         <run_address>0x421e9</run_address>
         <size>0x153</size>
         <input_file_ref idref="fl-28"/>
      </object_component>
      <object_component id="oc-115">
         <name>.debug_info</name>
         <load_address>0x4233c</load_address>
         <run_address>0x4233c</run_address>
         <size>0x11e</size>
         <input_file_ref idref="fl-29"/>
      </object_component>
      <object_component id="oc-119">
         <name>.debug_info</name>
         <load_address>0x4245a</load_address>
         <run_address>0x4245a</run_address>
         <size>0x435</size>
         <input_file_ref idref="fl-2a"/>
      </object_component>
      <object_component id="oc-11e">
         <name>.debug_info</name>
         <load_address>0x4288f</load_address>
         <run_address>0x4288f</run_address>
         <size>0x1bd</size>
         <input_file_ref idref="fl-2b"/>
      </object_component>
      <object_component id="oc-120">
         <name>.debug_info</name>
         <load_address>0x42a4c</load_address>
         <run_address>0x42a4c</run_address>
         <size>0x435</size>
         <input_file_ref idref="fl-2c"/>
      </object_component>
      <object_component id="oc-128">
         <name>.debug_info</name>
         <load_address>0x42e81</load_address>
         <run_address>0x42e81</run_address>
         <size>0x10f</size>
         <input_file_ref idref="fl-2d"/>
      </object_component>
      <object_component id="oc-12c">
         <name>.debug_info</name>
         <load_address>0x42f90</load_address>
         <run_address>0x42f90</run_address>
         <size>0x4af</size>
         <input_file_ref idref="fl-2e"/>
      </object_component>
      <object_component id="oc-131">
         <name>.debug_info</name>
         <load_address>0x4343f</load_address>
         <run_address>0x4343f</run_address>
         <size>0x4b8</size>
         <input_file_ref idref="fl-2f"/>
      </object_component>
      <object_component id="oc-138">
         <name>.debug_info</name>
         <load_address>0x438f7</load_address>
         <run_address>0x438f7</run_address>
         <size>0x4e2</size>
         <input_file_ref idref="fl-30"/>
      </object_component>
      <object_component id="oc-13d">
         <name>.debug_info</name>
         <load_address>0x43dd9</load_address>
         <run_address>0x43dd9</run_address>
         <size>0x49c</size>
         <input_file_ref idref="fl-31"/>
      </object_component>
      <object_component id="oc-142">
         <name>.debug_info</name>
         <load_address>0x44275</load_address>
         <run_address>0x44275</run_address>
         <size>0x45f</size>
         <input_file_ref idref="fl-32"/>
      </object_component>
      <object_component id="oc-1ce">
         <name>.debug_info</name>
         <load_address>0x446d4</load_address>
         <run_address>0x446d4</run_address>
         <size>0xc5</size>
      </object_component>
      <object_component id="oc-4f">
         <name>.debug_line</name>
         <load_address>0x0</load_address>
         <run_address>0x0</run_address>
         <size>0x8b</size>
         <input_file_ref idref="fl-4"/>
      </object_component>
      <object_component id="oc-54">
         <name>.debug_line</name>
         <load_address>0x8b</load_address>
         <run_address>0x8b</run_address>
         <size>0xa3</size>
         <input_file_ref idref="fl-5"/>
      </object_component>
      <object_component id="oc-5a">
         <name>.debug_line</name>
         <load_address>0x12e</load_address>
         <run_address>0x12e</run_address>
         <size>0x83</size>
         <input_file_ref idref="fl-6"/>
      </object_component>
      <object_component id="oc-60">
         <name>.debug_line</name>
         <load_address>0x1b1</load_address>
         <run_address>0x1b1</run_address>
         <size>0x753</size>
         <input_file_ref idref="fl-7"/>
      </object_component>
      <object_component id="oc-99">
         <name>.debug_line</name>
         <load_address>0x904</load_address>
         <run_address>0x904</run_address>
         <size>0xc8</size>
         <input_file_ref idref="fl-9"/>
      </object_component>
      <object_component id="oc-9f">
         <name>.debug_line</name>
         <load_address>0x9cc</load_address>
         <run_address>0x9cc</run_address>
         <size>0xaa</size>
         <input_file_ref idref="fl-a"/>
      </object_component>
      <object_component id="oc-a4">
         <name>.debug_line</name>
         <load_address>0xa76</load_address>
         <run_address>0xa76</run_address>
         <size>0x11c</size>
         <input_file_ref idref="fl-b"/>
      </object_component>
      <object_component id="oc-a9">
         <name>.debug_line</name>
         <load_address>0xb92</load_address>
         <run_address>0xb92</run_address>
         <size>0x8a</size>
         <input_file_ref idref="fl-c"/>
      </object_component>
      <object_component id="oc-ae">
         <name>.debug_line</name>
         <load_address>0xc1c</load_address>
         <run_address>0xc1c</run_address>
         <size>0x187</size>
         <input_file_ref idref="fl-d"/>
      </object_component>
      <object_component id="oc-b3">
         <name>.debug_line</name>
         <load_address>0xda3</load_address>
         <run_address>0xda3</run_address>
         <size>0x8a</size>
         <input_file_ref idref="fl-e"/>
      </object_component>
      <object_component id="oc-b8">
         <name>.debug_line</name>
         <load_address>0xe2d</load_address>
         <run_address>0xe2d</run_address>
         <size>0x210</size>
         <input_file_ref idref="fl-f"/>
      </object_component>
      <object_component id="oc-bf">
         <name>.debug_line</name>
         <load_address>0x103d</load_address>
         <run_address>0x103d</run_address>
         <size>0x7f7</size>
         <input_file_ref idref="fl-10"/>
      </object_component>
      <object_component id="oc-c6">
         <name>.debug_line</name>
         <load_address>0x1834</load_address>
         <run_address>0x1834</run_address>
         <size>0x1f7</size>
         <input_file_ref idref="fl-11"/>
      </object_component>
      <object_component id="oc-cf">
         <name>.debug_line</name>
         <load_address>0x1a2b</load_address>
         <run_address>0x1a2b</run_address>
         <size>0x681</size>
         <input_file_ref idref="fl-12"/>
      </object_component>
      <object_component id="oc-d4">
         <name>.debug_line</name>
         <load_address>0x20ac</load_address>
         <run_address>0x20ac</run_address>
         <size>0x9e</size>
         <input_file_ref idref="fl-13"/>
      </object_component>
      <object_component id="oc-db">
         <name>.debug_line</name>
         <load_address>0x214a</load_address>
         <run_address>0x214a</run_address>
         <size>0xe0</size>
         <input_file_ref idref="fl-14"/>
      </object_component>
      <object_component id="oc-e2">
         <name>.debug_line</name>
         <load_address>0x222a</load_address>
         <run_address>0x222a</run_address>
         <size>0x130</size>
         <input_file_ref idref="fl-15"/>
      </object_component>
      <object_component id="oc-e7">
         <name>.debug_line</name>
         <load_address>0x235a</load_address>
         <run_address>0x235a</run_address>
         <size>0x7f</size>
         <input_file_ref idref="fl-16"/>
      </object_component>
      <object_component id="oc-ee">
         <name>.debug_line</name>
         <load_address>0x23d9</load_address>
         <run_address>0x23d9</run_address>
         <size>0x18b</size>
         <input_file_ref idref="fl-17"/>
      </object_component>
      <object_component id="oc-f3">
         <name>.debug_line</name>
         <load_address>0x2564</load_address>
         <run_address>0x2564</run_address>
         <size>0xfb</size>
         <input_file_ref idref="fl-18"/>
      </object_component>
      <object_component id="oc-f8">
         <name>.debug_line</name>
         <load_address>0x265f</load_address>
         <run_address>0x265f</run_address>
         <size>0xf8</size>
         <input_file_ref idref="fl-19"/>
      </object_component>
      <object_component id="oc-fd">
         <name>.debug_line</name>
         <load_address>0x2757</load_address>
         <run_address>0x2757</run_address>
         <size>0x143</size>
         <input_file_ref idref="fl-1a"/>
      </object_component>
      <object_component id="oc-104">
         <name>.debug_line</name>
         <load_address>0x289a</load_address>
         <run_address>0x289a</run_address>
         <size>0x1c5</size>
         <input_file_ref idref="fl-1b"/>
      </object_component>
      <object_component id="oc-10c">
         <name>.debug_line</name>
         <load_address>0x2a5f</load_address>
         <run_address>0x2a5f</run_address>
         <size>0x1fd</size>
         <input_file_ref idref="fl-1c"/>
      </object_component>
      <object_component id="oc-111">
         <name>.debug_line</name>
         <load_address>0x2c5c</load_address>
         <run_address>0x2c5c</run_address>
         <size>0x6c</size>
         <input_file_ref idref="fl-28"/>
      </object_component>
      <object_component id="oc-116">
         <name>.debug_line</name>
         <load_address>0x2cc8</load_address>
         <run_address>0x2cc8</run_address>
         <size>0x4f</size>
         <input_file_ref idref="fl-29"/>
      </object_component>
      <object_component id="oc-11b">
         <name>.debug_line</name>
         <load_address>0x2d17</load_address>
         <run_address>0x2d17</run_address>
         <size>0x6a</size>
         <input_file_ref idref="fl-2a"/>
      </object_component>
      <object_component id="oc-122">
         <name>.debug_line</name>
         <load_address>0x2d81</load_address>
         <run_address>0x2d81</run_address>
         <size>0x6a</size>
         <input_file_ref idref="fl-2c"/>
      </object_component>
      <object_component id="oc-129">
         <name>.debug_line</name>
         <load_address>0x2deb</load_address>
         <run_address>0x2deb</run_address>
         <size>0x74</size>
         <input_file_ref idref="fl-2d"/>
      </object_component>
      <object_component id="oc-12e">
         <name>.debug_line</name>
         <load_address>0x2e5f</load_address>
         <run_address>0x2e5f</run_address>
         <size>0x59</size>
         <input_file_ref idref="fl-2e"/>
      </object_component>
      <object_component id="oc-135">
         <name>.debug_line</name>
         <load_address>0x2eb8</load_address>
         <run_address>0x2eb8</run_address>
         <size>0x65</size>
         <input_file_ref idref="fl-2f"/>
      </object_component>
      <object_component id="oc-13a">
         <name>.debug_line</name>
         <load_address>0x2f1d</load_address>
         <run_address>0x2f1d</run_address>
         <size>0x5e</size>
         <input_file_ref idref="fl-30"/>
      </object_component>
      <object_component id="oc-13f">
         <name>.debug_line</name>
         <load_address>0x2f7b</load_address>
         <run_address>0x2f7b</run_address>
         <size>0x9d</size>
         <input_file_ref idref="fl-31"/>
      </object_component>
      <object_component id="oc-144">
         <name>.debug_line</name>
         <load_address>0x3018</load_address>
         <run_address>0x3018</run_address>
         <size>0x58</size>
         <input_file_ref idref="fl-32"/>
      </object_component>
      <object_component id="oc-50">
         <name>.debug_abbrev</name>
         <load_address>0x0</load_address>
         <run_address>0x0</run_address>
         <size>0x2f</size>
         <input_file_ref idref="fl-4"/>
      </object_component>
      <object_component id="oc-55">
         <name>.debug_abbrev</name>
         <load_address>0x2f</load_address>
         <run_address>0x2f</run_address>
         <size>0x21</size>
         <input_file_ref idref="fl-5"/>
      </object_component>
      <object_component id="oc-5b">
         <name>.debug_abbrev</name>
         <load_address>0x50</load_address>
         <run_address>0x50</run_address>
         <size>0xfd</size>
         <input_file_ref idref="fl-6"/>
      </object_component>
      <object_component id="oc-61">
         <name>.debug_abbrev</name>
         <load_address>0x14d</load_address>
         <run_address>0x14d</run_address>
         <size>0x15f</size>
         <input_file_ref idref="fl-7"/>
      </object_component>
      <object_component id="oc-96">
         <name>.debug_abbrev</name>
         <load_address>0x2ac</load_address>
         <run_address>0x2ac</run_address>
         <size>0xb7</size>
         <input_file_ref idref="fl-8"/>
      </object_component>
      <object_component id="oc-9a">
         <name>.debug_abbrev</name>
         <load_address>0x363</load_address>
         <run_address>0x363</run_address>
         <size>0xc8</size>
         <input_file_ref idref="fl-9"/>
      </object_component>
      <object_component id="oc-a0">
         <name>.debug_abbrev</name>
         <load_address>0x42b</load_address>
         <run_address>0x42b</run_address>
         <size>0x116</size>
         <input_file_ref idref="fl-a"/>
      </object_component>
      <object_component id="oc-a5">
         <name>.debug_abbrev</name>
         <load_address>0x541</load_address>
         <run_address>0x541</run_address>
         <size>0xea</size>
         <input_file_ref idref="fl-b"/>
      </object_component>
      <object_component id="oc-aa">
         <name>.debug_abbrev</name>
         <load_address>0x62b</load_address>
         <run_address>0x62b</run_address>
         <size>0xea</size>
         <input_file_ref idref="fl-c"/>
      </object_component>
      <object_component id="oc-af">
         <name>.debug_abbrev</name>
         <load_address>0x715</load_address>
         <run_address>0x715</run_address>
         <size>0x17b</size>
         <input_file_ref idref="fl-d"/>
      </object_component>
      <object_component id="oc-b4">
         <name>.debug_abbrev</name>
         <load_address>0x890</load_address>
         <run_address>0x890</run_address>
         <size>0x2f</size>
         <input_file_ref idref="fl-e"/>
      </object_component>
      <object_component id="oc-b9">
         <name>.debug_abbrev</name>
         <load_address>0x8bf</load_address>
         <run_address>0x8bf</run_address>
         <size>0x164</size>
         <input_file_ref idref="fl-f"/>
      </object_component>
      <object_component id="oc-c0">
         <name>.debug_abbrev</name>
         <load_address>0xa23</load_address>
         <run_address>0xa23</run_address>
         <size>0x1d5</size>
         <input_file_ref idref="fl-10"/>
      </object_component>
      <object_component id="oc-c7">
         <name>.debug_abbrev</name>
         <load_address>0xbf8</load_address>
         <run_address>0xbf8</run_address>
         <size>0x19d</size>
         <input_file_ref idref="fl-11"/>
      </object_component>
      <object_component id="oc-d0">
         <name>.debug_abbrev</name>
         <load_address>0xd95</load_address>
         <run_address>0xd95</run_address>
         <size>0x1e8</size>
         <input_file_ref idref="fl-12"/>
      </object_component>
      <object_component id="oc-d5">
         <name>.debug_abbrev</name>
         <load_address>0xf7d</load_address>
         <run_address>0xf7d</run_address>
         <size>0xdc</size>
         <input_file_ref idref="fl-13"/>
      </object_component>
      <object_component id="oc-dc">
         <name>.debug_abbrev</name>
         <load_address>0x1059</load_address>
         <run_address>0x1059</run_address>
         <size>0x141</size>
         <input_file_ref idref="fl-14"/>
      </object_component>
      <object_component id="oc-e3">
         <name>.debug_abbrev</name>
         <load_address>0x119a</load_address>
         <run_address>0x119a</run_address>
         <size>0x15c</size>
         <input_file_ref idref="fl-15"/>
      </object_component>
      <object_component id="oc-e8">
         <name>.debug_abbrev</name>
         <load_address>0x12f6</load_address>
         <run_address>0x12f6</run_address>
         <size>0x13d</size>
         <input_file_ref idref="fl-16"/>
      </object_component>
      <object_component id="oc-ef">
         <name>.debug_abbrev</name>
         <load_address>0x1433</load_address>
         <run_address>0x1433</run_address>
         <size>0x166</size>
         <input_file_ref idref="fl-17"/>
      </object_component>
      <object_component id="oc-f4">
         <name>.debug_abbrev</name>
         <load_address>0x1599</load_address>
         <run_address>0x1599</run_address>
         <size>0x146</size>
         <input_file_ref idref="fl-18"/>
      </object_component>
      <object_component id="oc-f9">
         <name>.debug_abbrev</name>
         <load_address>0x16df</load_address>
         <run_address>0x16df</run_address>
         <size>0x13d</size>
         <input_file_ref idref="fl-19"/>
      </object_component>
      <object_component id="oc-fe">
         <name>.debug_abbrev</name>
         <load_address>0x181c</load_address>
         <run_address>0x181c</run_address>
         <size>0x138</size>
         <input_file_ref idref="fl-1a"/>
      </object_component>
      <object_component id="oc-105">
         <name>.debug_abbrev</name>
         <load_address>0x1954</load_address>
         <run_address>0x1954</run_address>
         <size>0x17d</size>
         <input_file_ref idref="fl-1b"/>
      </object_component>
      <object_component id="oc-10d">
         <name>.debug_abbrev</name>
         <load_address>0x1ad1</load_address>
         <run_address>0x1ad1</run_address>
         <size>0x1d0</size>
         <input_file_ref idref="fl-1c"/>
      </object_component>
      <object_component id="oc-112">
         <name>.debug_abbrev</name>
         <load_address>0x1ca1</load_address>
         <run_address>0x1ca1</run_address>
         <size>0x38</size>
         <input_file_ref idref="fl-28"/>
      </object_component>
      <object_component id="oc-117">
         <name>.debug_abbrev</name>
         <load_address>0x1cd9</load_address>
         <run_address>0x1cd9</run_address>
         <size>0x38</size>
         <input_file_ref idref="fl-29"/>
      </object_component>
      <object_component id="oc-11c">
         <name>.debug_abbrev</name>
         <load_address>0x1d11</load_address>
         <run_address>0x1d11</run_address>
         <size>0xc1</size>
         <input_file_ref idref="fl-2a"/>
      </object_component>
      <object_component id="oc-11f">
         <name>.debug_abbrev</name>
         <load_address>0x1dd2</load_address>
         <run_address>0x1dd2</run_address>
         <size>0x57</size>
         <input_file_ref idref="fl-2b"/>
      </object_component>
      <object_component id="oc-123">
         <name>.debug_abbrev</name>
         <load_address>0x1e29</load_address>
         <run_address>0x1e29</run_address>
         <size>0xc1</size>
         <input_file_ref idref="fl-2c"/>
      </object_component>
      <object_component id="oc-12a">
         <name>.debug_abbrev</name>
         <load_address>0x1eea</load_address>
         <run_address>0x1eea</run_address>
         <size>0x46</size>
         <input_file_ref idref="fl-2d"/>
      </object_component>
      <object_component id="oc-12f">
         <name>.debug_abbrev</name>
         <load_address>0x1f30</load_address>
         <run_address>0x1f30</run_address>
         <size>0xfe</size>
         <input_file_ref idref="fl-2e"/>
      </object_component>
      <object_component id="oc-136">
         <name>.debug_abbrev</name>
         <load_address>0x202e</load_address>
         <run_address>0x202e</run_address>
         <size>0x117</size>
         <input_file_ref idref="fl-2f"/>
      </object_component>
      <object_component id="oc-13b">
         <name>.debug_abbrev</name>
         <load_address>0x2145</load_address>
         <run_address>0x2145</run_address>
         <size>0xb2</size>
         <input_file_ref idref="fl-30"/>
      </object_component>
      <object_component id="oc-140">
         <name>.debug_abbrev</name>
         <load_address>0x21f7</load_address>
         <run_address>0x21f7</run_address>
         <size>0xa8</size>
         <input_file_ref idref="fl-31"/>
      </object_component>
      <object_component id="oc-145">
         <name>.debug_abbrev</name>
         <load_address>0x229f</load_address>
         <run_address>0x229f</run_address>
         <size>0x9d</size>
         <input_file_ref idref="fl-32"/>
      </object_component>
      <object_component id="oc-1cf">
         <name>.debug_abbrev</name>
         <load_address>0x233c</load_address>
         <run_address>0x233c</run_address>
         <size>0xf</size>
      </object_component>
      <object_component id="oc-51">
         <name>.debug_aranges</name>
         <load_address>0x0</load_address>
         <run_address>0x0</run_address>
         <size>0x20</size>
         <input_file_ref idref="fl-4"/>
      </object_component>
      <object_component id="oc-56">
         <name>.debug_aranges</name>
         <load_address>0x20</load_address>
         <run_address>0x20</run_address>
         <size>0x28</size>
         <input_file_ref idref="fl-5"/>
      </object_component>
      <object_component id="oc-5c">
         <name>.debug_aranges</name>
         <load_address>0x48</load_address>
         <run_address>0x48</run_address>
         <size>0x28</size>
         <input_file_ref idref="fl-6"/>
      </object_component>
      <object_component id="oc-62">
         <name>.debug_aranges</name>
         <load_address>0x70</load_address>
         <run_address>0x70</run_address>
         <size>0x290</size>
         <input_file_ref idref="fl-7"/>
      </object_component>
      <object_component id="oc-9b">
         <name>.debug_aranges</name>
         <load_address>0x300</load_address>
         <run_address>0x300</run_address>
         <size>0x28</size>
         <input_file_ref idref="fl-9"/>
      </object_component>
      <object_component id="oc-a1">
         <name>.debug_aranges</name>
         <load_address>0x328</load_address>
         <run_address>0x328</run_address>
         <size>0x20</size>
         <input_file_ref idref="fl-a"/>
      </object_component>
      <object_component id="oc-a6">
         <name>.debug_aranges</name>
         <load_address>0x348</load_address>
         <run_address>0x348</run_address>
         <size>0x50</size>
         <input_file_ref idref="fl-b"/>
      </object_component>
      <object_component id="oc-ab">
         <name>.debug_aranges</name>
         <load_address>0x398</load_address>
         <run_address>0x398</run_address>
         <size>0x30</size>
         <input_file_ref idref="fl-c"/>
      </object_component>
      <object_component id="oc-b0">
         <name>.debug_aranges</name>
         <load_address>0x3c8</load_address>
         <run_address>0x3c8</run_address>
         <size>0x48</size>
         <input_file_ref idref="fl-d"/>
      </object_component>
      <object_component id="oc-b5">
         <name>.debug_aranges</name>
         <load_address>0x410</load_address>
         <run_address>0x410</run_address>
         <size>0x20</size>
         <input_file_ref idref="fl-e"/>
      </object_component>
      <object_component id="oc-ba">
         <name>.debug_aranges</name>
         <load_address>0x430</load_address>
         <run_address>0x430</run_address>
         <size>0x30</size>
         <input_file_ref idref="fl-f"/>
      </object_component>
      <object_component id="oc-c1">
         <name>.debug_aranges</name>
         <load_address>0x460</load_address>
         <run_address>0x460</run_address>
         <size>0x58</size>
         <input_file_ref idref="fl-10"/>
      </object_component>
      <object_component id="oc-c8">
         <name>.debug_aranges</name>
         <load_address>0x4b8</load_address>
         <run_address>0x4b8</run_address>
         <size>0x48</size>
         <input_file_ref idref="fl-11"/>
      </object_component>
      <object_component id="oc-d1">
         <name>.debug_aranges</name>
         <load_address>0x500</load_address>
         <run_address>0x500</run_address>
         <size>0x60</size>
         <input_file_ref idref="fl-12"/>
      </object_component>
      <object_component id="oc-d6">
         <name>.debug_aranges</name>
         <load_address>0x560</load_address>
         <run_address>0x560</run_address>
         <size>0x20</size>
         <input_file_ref idref="fl-13"/>
      </object_component>
      <object_component id="oc-dd">
         <name>.debug_aranges</name>
         <load_address>0x580</load_address>
         <run_address>0x580</run_address>
         <size>0x20</size>
         <input_file_ref idref="fl-14"/>
      </object_component>
      <object_component id="oc-e4">
         <name>.debug_aranges</name>
         <load_address>0x5a0</load_address>
         <run_address>0x5a0</run_address>
         <size>0x28</size>
         <input_file_ref idref="fl-15"/>
      </object_component>
      <object_component id="oc-e9">
         <name>.debug_aranges</name>
         <load_address>0x5c8</load_address>
         <run_address>0x5c8</run_address>
         <size>0x20</size>
         <input_file_ref idref="fl-16"/>
      </object_component>
      <object_component id="oc-f0">
         <name>.debug_aranges</name>
         <load_address>0x5e8</load_address>
         <run_address>0x5e8</run_address>
         <size>0x38</size>
         <input_file_ref idref="fl-17"/>
      </object_component>
      <object_component id="oc-f5">
         <name>.debug_aranges</name>
         <load_address>0x620</load_address>
         <run_address>0x620</run_address>
         <size>0x30</size>
         <input_file_ref idref="fl-18"/>
      </object_component>
      <object_component id="oc-fa">
         <name>.debug_aranges</name>
         <load_address>0x650</load_address>
         <run_address>0x650</run_address>
         <size>0x38</size>
         <input_file_ref idref="fl-19"/>
      </object_component>
      <object_component id="oc-ff">
         <name>.debug_aranges</name>
         <load_address>0x688</load_address>
         <run_address>0x688</run_address>
         <size>0x40</size>
         <input_file_ref idref="fl-1a"/>
      </object_component>
      <object_component id="oc-106">
         <name>.debug_aranges</name>
         <load_address>0x6c8</load_address>
         <run_address>0x6c8</run_address>
         <size>0x40</size>
         <input_file_ref idref="fl-1b"/>
      </object_component>
      <object_component id="oc-10e">
         <name>.debug_aranges</name>
         <load_address>0x708</load_address>
         <run_address>0x708</run_address>
         <size>0x58</size>
         <input_file_ref idref="fl-1c"/>
      </object_component>
      <object_component id="oc-113">
         <name>.debug_aranges</name>
         <load_address>0x760</load_address>
         <run_address>0x760</run_address>
         <size>0x30</size>
         <input_file_ref idref="fl-28"/>
      </object_component>
      <object_component id="oc-118">
         <name>.debug_aranges</name>
         <load_address>0x790</load_address>
         <run_address>0x790</run_address>
         <size>0x28</size>
         <input_file_ref idref="fl-29"/>
      </object_component>
      <object_component id="oc-11d">
         <name>.debug_aranges</name>
         <load_address>0x7b8</load_address>
         <run_address>0x7b8</run_address>
         <size>0x20</size>
         <input_file_ref idref="fl-2a"/>
      </object_component>
      <object_component id="oc-124">
         <name>.debug_aranges</name>
         <load_address>0x7d8</load_address>
         <run_address>0x7d8</run_address>
         <size>0x20</size>
         <input_file_ref idref="fl-2c"/>
      </object_component>
      <object_component id="oc-12b">
         <name>.debug_aranges</name>
         <load_address>0x7f8</load_address>
         <run_address>0x7f8</run_address>
         <size>0x20</size>
         <input_file_ref idref="fl-2d"/>
      </object_component>
      <object_component id="oc-130">
         <name>.debug_aranges</name>
         <load_address>0x818</load_address>
         <run_address>0x818</run_address>
         <size>0x20</size>
         <input_file_ref idref="fl-2e"/>
      </object_component>
      <object_component id="oc-137">
         <name>.debug_aranges</name>
         <load_address>0x838</load_address>
         <run_address>0x838</run_address>
         <size>0x28</size>
         <input_file_ref idref="fl-2f"/>
      </object_component>
      <object_component id="oc-13c">
         <name>.debug_aranges</name>
         <load_address>0x860</load_address>
         <run_address>0x860</run_address>
         <size>0x30</size>
         <input_file_ref idref="fl-30"/>
      </object_component>
      <object_component id="oc-141">
         <name>.debug_aranges</name>
         <load_address>0x890</load_address>
         <run_address>0x890</run_address>
         <size>0x20</size>
         <input_file_ref idref="fl-31"/>
      </object_component>
      <object_component id="oc-146">
         <name>.debug_aranges</name>
         <load_address>0x8b0</load_address>
         <run_address>0x8b0</run_address>
         <size>0x20</size>
         <input_file_ref idref="fl-32"/>
      </object_component>
      <object_component id="oc-59">
         <name>.debug_frame</name>
         <load_address>0x0</load_address>
         <run_address>0x0</run_address>
         <size>0xbc</size>
         <input_file_ref idref="fl-6"/>
      </object_component>
      <object_component id="oc-5f">
         <name>.debug_frame</name>
         <load_address>0xbc</load_address>
         <run_address>0xbc</run_address>
         <size>0xceb</size>
         <input_file_ref idref="fl-7"/>
      </object_component>
      <object_component id="oc-98">
         <name>.debug_frame</name>
         <load_address>0xda7</load_address>
         <run_address>0xda7</run_address>
         <size>0xb6</size>
         <input_file_ref idref="fl-9"/>
      </object_component>
      <object_component id="oc-9e">
         <name>.debug_frame</name>
         <load_address>0xe5d</load_address>
         <run_address>0xe5d</run_address>
         <size>0xa7</size>
         <input_file_ref idref="fl-a"/>
      </object_component>
      <object_component id="oc-a3">
         <name>.debug_frame</name>
         <load_address>0xf04</load_address>
         <run_address>0xf04</run_address>
         <size>0x11f</size>
         <input_file_ref idref="fl-b"/>
      </object_component>
      <object_component id="oc-a8">
         <name>.debug_frame</name>
         <load_address>0x1023</load_address>
         <run_address>0x1023</run_address>
         <size>0xcb</size>
         <input_file_ref idref="fl-c"/>
      </object_component>
      <object_component id="oc-ad">
         <name>.debug_frame</name>
         <load_address>0x10ee</load_address>
         <run_address>0x10ee</run_address>
         <size>0x118</size>
         <input_file_ref idref="fl-d"/>
      </object_component>
      <object_component id="oc-b7">
         <name>.debug_frame</name>
         <load_address>0x1206</load_address>
         <run_address>0x1206</run_address>
         <size>0xe3</size>
         <input_file_ref idref="fl-f"/>
      </object_component>
      <object_component id="oc-be">
         <name>.debug_frame</name>
         <load_address>0x12e9</load_address>
         <run_address>0x12e9</run_address>
         <size>0x160</size>
         <input_file_ref idref="fl-10"/>
      </object_component>
      <object_component id="oc-c5">
         <name>.debug_frame</name>
         <load_address>0x1449</load_address>
[...]
      </symbol>
      <symbol id="sm-473">
         <name>_Vehicle_Data</name>
         <value>0xc100</value>
         <object_component_ref idref="oc-cb"/>
      </symbol>
      <symbol id="sm-474">
         <name>_CommandCK</name>
         <value>0xc005</value>
         <object_component_ref idref="oc-cb"/>
      </symbol>
      <symbol id="sm-475">
         <name>_VehicleStatus</name>
         <value>0xc002</value>
         <object_component_ref idref="oc-cb"/>
      </symbol>
      <symbol id="sm-476">
         <name>_OfflineError</name>
         <value>0xc008</value>
         <object_component_ref idref="oc-cb"/>
      </symbol>
      <symbol id="sm-477">
         <name>_day</name>
         <value>0xc00b</value>
         <object_component_ref idref="oc-cb"/>
      </symbol>
      <symbol id="sm-478">
         <name>_EVDO_Process</name>
         <value>0x338fd3</value>
         <object_component_ref idref="oc-154"/>
      </symbol>
      <symbol id="sm-479">
         <name>_Cell_Data</name>
         <value>0xc180</value>
         <object_component_ref idref="oc-cb"/>
      </symbol>
      <symbol id="sm-47a">
         <name>_DATA_Counter</name>
         <value>0xc001</value>
         <object_component_ref idref="oc-cb"/>
      </symbol>
      <symbol id="sm-47b">
         <name>_ModuleAddressCkSUM</name>
         <value>0xc007</value>
         <object_component_ref idref="oc-cb"/>
      </symbol>
      <symbol id="sm-47c">
         <name>_reset_counter</name>
         <value>0xc013</value>
         <object_component_ref idref="oc-cb"/>
      </symbol>
      <symbol id="sm-47d">
         <name>_MDNNumber_Array</name>
         <value>0xc04b</value>
         <object_component_ref idref="oc-cb"/>
      </symbol>
      <symbol id="sm-47e">
         <name>_ATCMD_ContextActivation</name>
         <value>0x33b157</value>
         <object_component_ref idref="oc-162"/>
      </symbol>
      <symbol id="sm-47f">
         <name>_BMS_Data</name>
         <value>0xc080</value>
         <object_component_ref idref="oc-cb"/>
      </symbol>
      <symbol id="sm-480">
         <name>_MEID_number</name>
         <value>0xc056</value>
         <object_component_ref idref="oc-cb"/>
      </symbol>
      <symbol id="sm-481">
         <name>_Connect</name>
         <value>0x33b174</value>
         <object_component_ref idref="oc-cc"/>
      </symbol>
      <symbol id="sm-482">
         <name>_Transmit_ID</name>
         <value>0xc028</value>
         <object_component_ref idref="oc-cb"/>
      </symbol>
      <symbol id="sm-483">
         <name>_Checksum</name>
         <value>0xc022</value>
         <object_component_ref idref="oc-cb"/>
      </symbol>
      <symbol id="sm-484">
         <name>_nVIMLostPacket</name>
         <value>0xc01a</value>
         <object_component_ref idref="oc-cb"/>
      </symbol>
      <symbol id="sm-485">
         <name>_ServerReply_Process</name>
         <value>0x338c1e</value>
         <object_component_ref idref="oc-154"/>
      </symbol>
      <symbol id="sm-486">
         <name>_Meid</name>
         <value>0x33b171</value>
         <object_component_ref idref="oc-cc"/>
      </symbol>
      <symbol id="sm-487">
         <name>_process_Counter</name>
         <value>0xc003</value>
         <object_component_ref idref="oc-cb"/>
      </symbol>
      <symbol id="sm-488">
         <name>_ATCMD_SocketDial</name>
         <value>0x33b10a</value>
         <object_component_ref idref="oc-163"/>
      </symbol>
      <symbol id="sm-489">
         <name>_month</name>
         <value>0xc00a</value>
         <object_component_ref idref="oc-cb"/>
      </symbol>
      <symbol id="sm-48a">
         <name>_min</name>
         <value>0xc00e</value>
         <object_component_ref idref="oc-cb"/>
      </symbol>
      <symbol id="sm-48b">
         <name>_MINNumber_Array</name>
         <value>0xc040</value>
         <object_component_ref idref="oc-cb"/>
      </symbol>
      <symbol id="sm-48c">
         <name>_ModemReply_Process</name>
         <value>0x338a49</value>
         <object_component_ref idref="oc-154"/>
      </symbol>
      <symbol id="sm-48d">
         <name>_modemstatus</name>
         <value>0xc00d</value>
         <object_component_ref idref="oc-cb"/>
      </symbol>
      <symbol id="sm-48e">
         <name>_hour</name>
         <value>0xc010</value>
         <object_component_ref idref="oc-cb"/>
      </symbol>
      <symbol id="sm-48f">
         <name>_ReplybufferC</name>
         <value>0xc004</value>
         <object_component_ref idref="oc-cb"/>
      </symbol>
      <symbol id="sm-490">
         <name>_nBMSLostPacket</name>
         <value>0xc018</value>
         <object_component_ref idref="oc-cb"/>
      </symbol>
      <symbol id="sm-491">
         <name>_EVDO_Transmit</name>
         <value>0x3389dd</value>
         <object_component_ref idref="oc-154"/>
      </symbol>
      <symbol id="sm-492">
         <name>_ModemReset</name>
         <value>0x338996</value>
         <object_component_ref idref="oc-154"/>
      </symbol>
      <symbol id="sm-493">
         <name>_CSQ</name>
         <value>0x33b175</value>
         <object_component_ref idref="oc-cc"/>
      </symbol>
      <symbol id="sm-494">
         <name>_ATCMD_GPSData</name>
         <value>0x33b1b3</value>
         <object_component_ref idref="oc-166"/>
      </symbol>
      <symbol id="sm-495">
         <name>_GPSModem</name>
         <value>0xc009</value>
         <object_component_ref idref="oc-cb"/>
      </symbol>
      <symbol id="sm-496">
         <name>_sdstatus</name>
         <value>0xc011</value>
         <object_component_ref idref="oc-cb"/>
      </symbol>
      <symbol id="sm-497">
         <name>_ATActivate</name>
         <value>0x33b149</value>
         <object_component_ref idref="oc-16a"/>
      </symbol>
      <symbol id="sm-498">
         <name>_ATCMD_GPSTurnON</name>
         <value>0x33b164</value>
         <object_component_ref idref="oc-161"/>
      </symbol>
      <symbol id="sm-499">
         <name>_ATRegister</name>
         <value>0x33b193</value>
         <object_component_ref idref="oc-169"/>
      </symbol>
      <symbol id="sm-49a">
         <name>_ATCMD_ATE</name>
         <value>0x33b1ba</value>
         <object_component_ref idref="oc-15d"/>
      </symbol>
      <symbol id="sm-49b">
         <name>_VehicleFault</name>
         <value>0xc006</value>
         <object_component_ref idref="oc-cb"/>
      </symbol>
      <symbol id="sm-49c">
         <name>_Transmit_ID16</name>
         <value>0xc024</value>
         <object_component_ref idref="oc-cb"/>
      </symbol>
      <symbol id="sm-49d">
         <name>_EVDO_EnterSuspend</name>
         <value>0x338a00</value>
         <object_component_ref idref="oc-154"/>
      </symbol>
      <symbol id="sm-49e">
         <name>_GPSACCP</name>
         <value>0x33b176</value>
         <object_component_ref idref="oc-cc"/>
      </symbol>
      <symbol id="sm-49f">
         <name>_ATCMD_Clock</name>
         <value>0x33b178</value>
         <object_component_ref idref="oc-15f"/>
      </symbol>
      <symbol id="sm-4a0">
         <name>_error_counter</name>
         <value>0xc014</value>
         <object_component_ref idref="oc-cb"/>
      </symbol>
      <symbol id="sm-4a1">
         <name>_ATCMD_Ptr</name>
         <value>0xc016</value>
         <object_component_ref idref="oc-cb"/>
      </symbol>
      <symbol id="sm-4a2">
         <name>_year</name>
         <value>0xc00c</value>
         <object_component_ref idref="oc-cb"/>
      </symbol>
      <symbol id="sm-4af">
         <name>_Gpio_setup</name>
         <value>0x33a7d8</value>
         <object_component_ref idref="oc-14f"/>
      </symbol>
      <symbol id="sm-4cc">
         <name>_gps_min</name>
         <value>0xc4c1</value>
         <object_component_ref idref="oc-d9"/>
      </symbol>
      <symbol id="sm-4cd">
         <name>_GPS_Data</name>
         <value>0xc4c4</value>
         <object_component_ref idref="oc-d9"/>
      </symbol>
      <symbol id="sm-4ce">
         <name>_gpsIndex</name>
         <value>0xc4c0</value>
         <object_component_ref idref="oc-d9"/>
      </symbol>
      <symbol id="sm-4cf">
         <name>_get_GPS_Data</name>
         <value>0x33a5da</value>
         <object_component_ref idref="oc-156"/>
      </symbol>
      <symbol id="sm-4d0">
         <name>_gps_hour</name>
         <value>0xc4c2</value>
         <object_component_ref idref="oc-d9"/>
      </symbol>
      <symbol id="sm-4d1">
         <name>_gps_sec</name>
         <value>0xc4c3</value>
         <object_component_ref idref="oc-d9"/>
      </symbol>
      <symbol id="sm-503">
         <name>_TempSD</name>
         <value>0xc340</value>
         <object_component_ref idref="oc-e0"/>
      </symbol>
      <symbol id="sm-504">
         <name>_CheckSDErr</name>
         <value>0x33a090</value>
         <object_component_ref idref="oc-157"/>
      </symbol>
      <symbol id="sm-505">
         <name>_LostPacket</name>
         <value>0xc304</value>
         <object_component_ref idref="oc-e0"/>
      </symbol>
      <symbol id="sm-506">
         <name>_uSD_Process</name>
         <value>0x339e87</value>
         <object_component_ref idref="oc-157"/>
      </symbol>
      <symbol id="sm-507">
         <name>_SD_process</name>
         <value>0xc300</value>
         <object_component_ref idref="oc-e0"/>
      </symbol>
      <symbol id="sm-508">
         <name>_Buffer</name>
         <value>0xc302</value>
         <object_component_ref idref="oc-e0"/>
      </symbol>
      <symbol id="sm-51d">
         <name>_sd_erase_block</name>
         <value>0x33ac2f</value>
         <object_component_ref idref="oc-172"/>
      </symbol>
      <symbol id="sm-54b">
         <name>_ocr_contents</name>
         <value>0xc546</value>
         <object_component_ref idref="oc-ec"/>
      </symbol>
      <symbol id="sm-54c">
         <name>_high_capacity</name>
         <value>0xc543</value>
         <object_component_ref idref="oc-ec"/>
      </symbol>
      <symbol id="sm-54d">
         <name>_crc_enabled</name>
         <value>0xc541</value>
         <object_component_ref idref="oc-ec"/>
      </symbol>
      <symbol id="sm-54e">
         <name>_sd_initialization</name>
         <value>0x33a475</value>
         <object_component_ref idref="oc-16e"/>
      </symbol>
      <symbol id="sm-54f">
         <name>_sd_card_insertion</name>
         <value>0x33a457</value>
         <object_component_ref idref="oc-16e"/>
      </symbol>
      <symbol id="sm-550">
         <name>_card_status</name>
         <value>0xc544</value>
         <object_component_ref idref="oc-ec"/>
      </symbol>
      <symbol id="sm-551">
         <name>_sd_version1_initialization</name>
         <value>0x33a4dc</value>
         <object_component_ref idref="oc-16e"/>
      </symbol>
      <symbol id="sm-552">
         <name>_cid_contents</name>
         <value>0xc55b</value>
         <object_component_ref idref="oc-ec"/>
      </symbol>
      <symbol id="sm-553">
         <name>_response</name>
         <value>0xc542</value>
         <object_component_ref idref="oc-ec"/>
      </symbol>
      <symbol id="sm-554">
         <name>_sd_version2_initialization</name>
         <value>0x33a546</value>
         <object_component_ref idref="oc-16e"/>
      </symbol>
      <symbol id="sm-555">
         <name>_data_manipulation</name>
         <value>0xc540</value>
         <object_component_ref idref="oc-ec"/>
      </symbol>
      <symbol id="sm-556">
         <name>_csd_contents</name>
         <value>0xc54b</value>
         <object_component_ref idref="oc-ec"/>
      </symbol>
      <symbol id="sm-571">
         <name>_sd_read_block</name>
         <value>0x33a8ce</value>
         <object_component_ref idref="oc-170"/>
      </symbol>
      <symbol id="sm-572">
         <name>_sd_data_response</name>
         <value>0x33a94d</value>
         <object_component_ref idref="oc-170"/>
      </symbol>
      <symbol id="sm-573">
         <name>_sd_read_multiple_block</name>
         <value>0x33a8fe</value>
         <object_component_ref idref="oc-170"/>
      </symbol>
      <symbol id="sm-590">
         <name>_sd_send_status</name>
         <value>0x33aa3a</value>
         <object_component_ref idref="oc-16f"/>
      </symbol>
      <symbol id="sm-591">
         <name>_sd_cid_csd_response</name>
         <value>0x33a9f4</value>
         <object_component_ref idref="oc-16f"/>
      </symbol>
      <symbol id="sm-592">
         <name>_sd_ocr_response</name>
         <value>0x33a9db</value>
         <object_component_ref idref="oc-16f"/>
      </symbol>
      <symbol id="sm-593">
         <name>_sd_read_register</name>
         <value>0x33a9a9</value>
         <object_component_ref idref="oc-16f"/>
      </symbol>
      <symbol id="sm-5b3">
         <name>_spi_xmit_byte</name>
         <value>0x33aa71</value>
         <object_component_ref idref="oc-177"/>
      </symbol>
      <symbol id="sm-5b4">
         <name>_spi_xmit_command</name>
         <value>0x33aa7f</value>
         <object_component_ref idref="oc-177"/>
      </symbol>
      <symbol id="sm-5b5">
         <name>_sd_error</name>
         <value>0x33ab1d</value>
         <object_component_ref idref="oc-177"/>
      </symbol>
      <symbol id="sm-5b6">
         <name>_sd_command_response</name>
         <value>0x33aaf6</value>
         <object_component_ref idref="oc-177"/>
      </symbol>
      <symbol id="sm-5b7">
         <name>_sd_crc7</name>
         <value>0x33aac5</value>
         <object_component_ref idref="oc-177"/>
      </symbol>
      <symbol id="sm-5e7">
         <name>_sd_write_data</name>
         <value>0x33a383</value>
         <object_component_ref idref="oc-171"/>
      </symbol>
      <symbol id="sm-5e8">
         <name>_WriteSuccess</name>
         <value>0xc2fe</value>
         <object_component_ref idref="oc-102"/>
      </symbol>
      <symbol id="sm-5e9">
         <name>_sd_write_multiple_block</name>
         <value>0x33a335</value>
         <object_component_ref idref="oc-171"/>
      </symbol>
      <symbol id="sm-5ea">
         <name>_sd_write_block</name>
         <value>0x33a2b9</value>
         <object_component_ref idref="oc-171"/>
      </symbol>
      <symbol id="sm-5eb">
         <name>_SD_ErrorCount</name>
         <value>0xc2fd</value>
         <object_component_ref idref="oc-102"/>
      </symbol>
      <symbol id="sm-5ec">
         <name>_sd_write_block_PwrDown</name>
         <value>0x33a2fe</value>
         <object_component_ref idref="oc-171"/>
      </symbol>
      <symbol id="sm-5ed">
         <name>_sd_write_data_PwrDown</name>
         <value>0x33a3e6</value>
         <object_component_ref idref="oc-171"/>
      </symbol>
      <symbol id="sm-61a">
         <name>_main</name>
         <value>0x33a0a1</value>
         <object_component_ref idref="oc-148"/>
      </symbol>
      <symbol id="sm-61b">
         <name>_cpu_timer1_isr</name>
         <value>0x33accf</value>
         <object_component_ref idref="oc-10a"/>
      </symbol>
      <symbol id="sm-61c">
         <name>_d100msLoop</name>
         <value>0x33a2a1</value>
         <object_component_ref idref="oc-148"/>
      </symbol>
      <symbol id="sm-61d">
         <name>_cpu_timer0_isr</name>
         <value>0x33ac9a</value>
         <object_component_ref idref="oc-10a"/>
      </symbol>
      <symbol id="sm-61e">
         <name>_Offline_Management</name>
         <value>0x33a14d</value>
         <object_component_ref idref="oc-148"/>
      </symbol>
      <symbol id="sm-61f">
         <name>_d1secLoop</name>
         <value>0x33a298</value>
         <object_component_ref idref="oc-148"/>
      </symbol>
      <symbol id="sm-620">
         <name>_VersionNumber</name>
         <value>0xc2f1</value>
         <object_component_ref idref="oc-109"/>
      </symbol>
      <symbol id="sm-621">
         <name>_TestTimingLoop</name>
         <value>0x33a28e</value>
         <object_component_ref idref="oc-148"/>
      </symbol>
      <symbol id="sm-622">
         <name>_d1msLoop</name>
         <value>0x33a2b0</value>
         <object_component_ref idref="oc-148"/>
      </symbol>
      <symbol id="sm-623">
         <name>_d100ms</name>
         <value>0xc2f0</value>
         <object_component_ref idref="oc-109"/>
      </symbol>
      <symbol id="sm-631">
         <name>LL$$AND</name>
         <value>0x33ae60</value>
         <object_component_ref idref="oc-10f"/>
      </symbol>
      <symbol id="sm-632">
         <name>LL$$OR</name>
         <value>0x33ae68</value>
         <object_component_ref idref="oc-10f"/>
      </symbol>
      <symbol id="sm-633">
         <name>LL$$XOR</name>
         <value>0x33ae70</value>
         <object_component_ref idref="oc-10f"/>
      </symbol>
      <symbol id="sm-63f">
         <name>U$$MOD</name>
         <value>0x33ae94</value>
         <object_component_ref idref="oc-114"/>
      </symbol>
      <symbol id="sm-640">
         <name>U$$DIV</name>
         <value>0x33ae8f</value>
         <object_component_ref idref="oc-114"/>
      </symbol>
      <symbol id="sm-655">
         <name>_atoi</name>
         <value>0x33adb3</value>
         <object_component_ref idref="oc-15c"/>
      </symbol>
      <symbol id="sm-65e">
         <name>__ctypes_</name>
         <value>0x33aeb4</value>
         <object_component_ref idref="oc-176"/>
      </symbol>
      <symbol id="sm-673">
         <name>_atol</name>
         <value>0x33ad7e</value>
         <object_component_ref idref="oc-16d"/>
      </symbol>
      <symbol id="sm-68c">
         <name>_c_int00</name>
         <value>0x33ad00</value>
         <object_component_ref idref="oc-125"/>
      </symbol>
      <symbol id="sm-68d">
         <name>__stack</name>
         <value>0x400</value>
         <object_component_ref idref="oc-126"/>
      </symbol>
      <symbol id="sm-69d">
         <name>__args_main</name>
         <value>0x33ae2e</value>
         <object_component_ref idref="oc-149"/>
      </symbol>
      <symbol id="sm-6b1">
         <name>C$$EXIT</name>
         <value>0x33ae47</value>
         <object_component_ref idref="oc-14a"/>
      </symbol>
      <symbol id="sm-6b2">
         <name>_exit</name>
         <value>0x33ae49</value>
         <object_component_ref idref="oc-14a"/>
      </symbol>
      <symbol id="sm-6b3">
         <name>___TI_cleanup_ptr</name>
         <value>0xc2f6</value>
         <object_component_ref idref="oc-133"/>
      </symbol>
      <symbol id="sm-6b4">
         <name>_abort</name>
         <value>0x33ae47</value>
         <object_component_ref idref="oc-14a"/>
      </symbol>
      <symbol id="sm-6b5">
         <name>___TI_dtors_ptr</name>
         <value>0xc2f8</value>
         <object_component_ref idref="oc-133"/>
      </symbol>
      <symbol id="sm-6ca">
         <name>__unlock</name>
         <value>0xc49a</value>
         <object_component_ref idref="oc-178"/>
      </symbol>
      <symbol id="sm-6cb">
         <name>__lock</name>
         <value>0xc498</value>
         <object_component_ref idref="oc-158"/>
      </symbol>
      <symbol id="sm-6cc">
         <name>__register_lock</name>
         <value>0x33ae9e</value>
         <object_component_ref idref="oc-174"/>
      </symbol>
      <symbol id="sm-6cd">
         <name>__nop</name>
         <value>0x33aea2</value>
         <object_component_ref idref="oc-174"/>
      </symbol>
      <symbol id="sm-6ce">
         <name>__register_unlock</name>
         <value>0x33ae9a</value>
         <object_component_ref idref="oc-174"/>
      </symbol>
      <symbol id="sm-6dc">
         <name>_strlen</name>
         <value>0x33aeab</value>
         <object_component_ref idref="oc-15a"/>
      </symbol>
      <symbol id="sm-6ef">
         <name>_strstr</name>
         <value>0x33ae78</value>
         <object_component_ref idref="oc-15b"/>
      </symbol>
   </symbol_table>
   <title>Link successful</title>
</link_info>
